(node:31520) TimeoutNegativeWarning: -1385.453999999998 is a negative number.
Timeout duration was set to 1.
(Use `node --trace-warnings ...` to show where the warning was created)
high-nest                    PASS 14  FAIL  6  REVIEW  5  182s
word-dungeon                 PASS 17  FAIL  3  REVIEW  4  183s
quiz-tower                   PASS 16  FAIL  4  REVIEW  4  208s
summit-line                  PASS 13  FAIL  6  REVIEW  7  288s
hub-color-switch             PASS  6  FAIL  2  REVIEW 18  128s
field-station                PASS 17  FAIL  1  REVIEW  6  162s
hub-sudoku                   PASS 19  FAIL  2  REVIEW  4  139s
hub-tower-stack              PASS 19  FAIL  1  REVIEW  5  77s
hub-chess                    PASS 19  FAIL  0  REVIEW  6  60s
hub-merge-blocks             PASS 18  FAIL  2  REVIEW  5  26s
hub-whack-a-mole             PASS 21  FAIL  0  REVIEW  4  28s
critter-rush                 PASS 10  FAIL  8  REVIEW  6  44s
rap-academy                  PASS 18  FAIL  0  REVIEW  6  39s
tic-tac-toe                  PASS 17  FAIL  2  REVIEW  6  49s
clean-house                  PASS 20  FAIL  1  REVIEW  4  57s
sky-color-match              PASS 21  FAIL  0  REVIEW  4  38s
sky-breakout                 PASS 21  FAIL  0  REVIEW  4  49s
sky-balance-tile             PASS 22  FAIL  1  REVIEW  2  67s
sky-flappy-bird              PASS 21  FAIL  1  REVIEW  3  59s
sky-hole-eater               PASS 20  FAIL  0  REVIEW  5  32s
sky-grow-shrink              PASS 22  FAIL  0  REVIEW  3  41s
sky-lane-switcher            PASS 22  FAIL  0  REVIEW  3  25s
sky-match-swipe              PASS 19  FAIL  0  REVIEW  6  29s
sky-parking-puzzle           PASS 20  FAIL  1  REVIEW  4  27s
sky-rope-swing               PASS 21  FAIL  0  REVIEW  4  23s

25 games: PASS 453, FAIL 41, REVIEW 128, N/A 28
-> qa\_wavegate\matrix.json
